// Jest Snapshot v1, https://goo.gl/fbAQLP

exports[`plugin test suits should complete standard workflow 1`] = `
"<!DOCTYPE html>
<html lang=\\"en\\">
<head>
  <meta charset=\\"UTF-8\\">
  <title>Webpack Plugin</title>
<script>if ('serviceWorker' in navigator) {
  window.addEventListener('load', function () {
    setTimeout(function () {
      navigator.serviceWorker.register('sw.js', { scope: '/' }).then(function (registration) {
        // Registration was successful
        console.log('ServiceWorker registration successful with scope: ', registration.scope);
      }).catch(function (err) {
        // registration failed :(
        console.log('ServiceWorker registration failed: ', err);
      });
    }, 200);
  });
}
</script></head>
<body>
<script type=\\"text/javascript\\" src=\\"/main.js\\"></script></body>
</html>
"
`;
